[ 2025-01-10 18:28:22,125 ] root - INFO - Entered the start_data_ingestion method of TrainPipeline class
[ 2025-01-10 18:28:22,125 ] root - INFO - Getting the data from MongoDB
[ 2025-01-10 18:28:22,125 ] root - INFO - Entered initiate_data_ingestion method of DataIngestion class
[ 2025-01-10 18:28:22,125 ] root - INFO - Loading data from local file: D:\Dataset\CAR DETAILS FROM CAR DEKHO.csv
[ 2025-01-10 18:28:22,141 ] root - INFO - Loaded data with shape: (4340, 8)
[ 2025-01-10 18:28:22,141 ] root - INFO - Loaded data from local file
[ 2025-01-10 18:28:22,141 ] root - INFO - Entered split_data_as_train_test method of DataIngestion class
[ 2025-01-10 18:28:22,141 ] root - INFO - Performed train-test split on the dataframe
[ 2025-01-10 18:28:22,141 ] root - INFO - Saving train and test datasets to files.
[ 2025-01-10 18:28:22,165 ] root - INFO - Train and test datasets saved successfully.
[ 2025-01-10 18:28:22,165 ] root - INFO - Performed train-test split on the dataset
[ 2025-01-10 18:28:22,165 ] root - INFO - Data ingestion artifact: DataIngestionArtifact(trained_file_path='artifact\\01_10_2025_18_28_21\\data_ingestion\\ingested\\train.csv', test_file_path='artifact\\01_10_2025_18_28_21\\data_ingestion\\ingested\\test.csv')
[ 2025-01-10 18:28:22,173 ] root - INFO - Got the train_set and test_set from MongoDB
[ 2025-01-10 18:28:22,173 ] root - INFO - Exited the start_data_ingestion method of TrainPipeline class
[ 2025-01-10 18:28:22,173 ] root - INFO - Entered the start_data_validation method of TrainPipeline class
[ 2025-01-10 18:28:22,173 ] root - INFO - Starting data validation
[ 2025-01-10 18:28:22,212 ] root - INFO - Is required column present: [True]
[ 2025-01-10 18:28:22,212 ] root - INFO - All required columns present in training dataframe: True
[ 2025-01-10 18:28:22,212 ] root - INFO - Is required column present: [True]
[ 2025-01-10 18:28:22,212 ] root - INFO - All required columns present in testing dataframe: True
[ 2025-01-10 18:28:23,502 ] root - INFO - 1/8 drift detected.
[ 2025-01-10 18:28:23,502 ] root - INFO - Data validation artifact: DataValidationArtifact(validation_status=True, message='Drift not detected', drift_report_file_path='artifact\\01_10_2025_18_28_21\\data_validation\\drift_report\\report.yaml')
[ 2025-01-10 18:28:23,502 ] root - INFO - Performed the data validation operation
[ 2025-01-10 18:28:23,502 ] root - INFO - Exited the start_data_validation method of TrainPipeline class
[ 2025-01-10 18:28:23,502 ] root - INFO - Entered the start_data_transformation method of TrainPipeline class
[ 2025-01-10 18:28:23,502 ] root - INFO - Starting data transformation
[ 2025-01-10 18:28:23,502 ] root - INFO - Entered get_data_transformer_object method of DataTransformation class
[ 2025-01-10 18:28:23,502 ] root - INFO - Initialized StandardScaler, OneHotEncoder, and OrdinalEncoder
[ 2025-01-10 18:28:23,502 ] root - INFO - Created preprocessor object from ColumnTransformer
[ 2025-01-10 18:28:23,502 ] root - INFO - Reading data from local file: artifact\01_10_2025_18_28_21\data_ingestion\ingested\train.csv
[ 2025-01-10 18:28:23,518 ] root - INFO - Reading data from local file: artifact\01_10_2025_18_28_21\data_ingestion\ingested\test.csv
[ 2025-01-10 18:28:23,518 ] root - INFO - Added 'brand' column and dropped 'name' column from Training dataset
[ 2025-01-10 18:28:23,518 ] root - INFO - Added 'brand' column and dropped 'name' column from Test dataset
[ 2025-01-10 18:28:23,518 ] root - INFO - Dropped specified columns from Training and Test datasets
[ 2025-01-10 18:28:23,518 ] root - INFO - Transforming target column using TargetValueMapping
[ 2025-01-10 18:28:23,533 ] root - INFO - Successfully transformed target column in training and testing datasets
[ 2025-01-10 18:28:23,533 ] root - INFO - Applying preprocessing object on training dataframe and testing dataframe
