[ 2025-01-10 00:09:32,660 ] root - INFO - Entered the start_data_ingestion method of TrainPipeline class
[ 2025-01-10 00:09:32,660 ] root - INFO - Getting the data from MongoDB
[ 2025-01-10 00:09:32,660 ] root - INFO - Entered initiate_data_ingestion method of DataIngestion class
[ 2025-01-10 00:09:32,660 ] root - INFO - Loading data from local file: D:\Dataset\CAR DETAILS FROM CAR DEKHO.csv
[ 2025-01-10 00:09:32,676 ] root - INFO - Loaded data with shape: (4340, 8)
[ 2025-01-10 00:09:32,676 ] root - INFO - Loaded data from local file
[ 2025-01-10 00:09:32,676 ] root - INFO - Entered split_data_as_train_test method of DataIngestion class
[ 2025-01-10 00:09:32,676 ] root - INFO - Performed train-test split on the dataframe
[ 2025-01-10 00:09:32,707 ] root - INFO - Saving train and test datasets to files.
[ 2025-01-10 00:09:32,723 ] root - INFO - Train and test datasets saved successfully.
[ 2025-01-10 00:09:32,723 ] root - INFO - Performed train-test split on the dataset
[ 2025-01-10 00:09:32,723 ] root - INFO - Data ingestion artifact: DataIngestionArtifact(trained_file_path='artifact\\01_10_2025_00_09_32\\data_ingestion\\ingested\\train.csv', test_file_path='artifact\\01_10_2025_00_09_32\\data_ingestion\\ingested\\test.csv')
[ 2025-01-10 00:09:32,723 ] root - INFO - Got the train_set and test_set from MongoDB
[ 2025-01-10 00:09:32,723 ] root - INFO - Exited the start_data_ingestion method of TrainPipeline class
[ 2025-01-10 00:09:32,723 ] root - INFO - Entered the start_data_validation method of TrainPipeline class
[ 2025-01-10 00:09:32,739 ] root - INFO - Starting data validation
[ 2025-01-10 00:09:32,785 ] root - INFO - Is required column present: [True]
[ 2025-01-10 00:09:32,785 ] root - INFO - All required columns present in training dataframe: True
[ 2025-01-10 00:09:32,785 ] root - INFO - Is required column present: [True]
[ 2025-01-10 00:09:32,785 ] root - INFO - All required columns present in testing dataframe: True
[ 2025-01-10 00:09:34,151 ] root - INFO - 1/8 drift detected.
[ 2025-01-10 00:09:34,151 ] root - INFO - Data validation artifact: DataValidationArtifact(validation_status=True, message='Drift not detected', drift_report_file_path='artifact\\01_10_2025_00_09_32\\data_validation\\drift_report\\report.yaml')
[ 2025-01-10 00:09:34,151 ] root - INFO - Performed the data validation operation
[ 2025-01-10 00:09:34,151 ] root - INFO - Exited the start_data_validation method of TrainPipeline class
[ 2025-01-10 00:09:34,151 ] root - INFO - Entered the start_data_transformation method of TrainPipeline class
[ 2025-01-10 00:09:34,167 ] root - INFO - Starting data transformation
[ 2025-01-10 00:09:34,167 ] root - INFO - Entered get_data_transformer_object method of DataTransformation class
[ 2025-01-10 00:09:34,167 ] root - INFO - Got numerical cols from schema config
[ 2025-01-10 00:09:34,167 ] root - INFO - Initialized StandardScaler, OneHotEncoder, OrdinalEncoder
[ 2025-01-10 00:09:34,167 ] root - INFO - Initialize PowerTransformer
[ 2025-01-10 00:09:34,167 ] root - INFO - Created preprocessor object from ColumnTransformer
[ 2025-01-10 00:09:34,167 ] root - INFO - Exited get_data_transformer_object method of DataTransformation class
[ 2025-01-10 00:09:34,167 ] root - INFO - Got the preprocessor object
[ 2025-01-10 00:09:34,167 ] root - INFO - Reading data from local file: artifact\01_10_2025_00_09_32\data_ingestion\ingested\train.csv
[ 2025-01-10 00:09:34,167 ] root - INFO - Reading data from local file: artifact\01_10_2025_00_09_32\data_ingestion\ingested\test.csv
[ 2025-01-10 00:09:34,182 ] root - INFO - Added 'brand' column and dropped 'name' column from Training dataset
[ 2025-01-10 00:09:34,182 ] root - INFO - Added 'brand' column and dropped 'name' column from Test dataset
[ 2025-01-10 00:09:34,182 ] root - INFO - Dropped specified columns from Training and Test datasets
