[ 2025-01-10 03:29:53,750 ] root - INFO - Entered the start_data_ingestion method of TrainPipeline class
[ 2025-01-10 03:29:53,750 ] root - INFO - Getting the data from MongoDB
[ 2025-01-10 03:29:53,750 ] root - INFO - Entered initiate_data_ingestion method of DataIngestion class
[ 2025-01-10 03:29:53,750 ] root - INFO - Loading data from local file: D:\Dataset\CAR DETAILS FROM CAR DEKHO.csv
[ 2025-01-10 03:29:54,001 ] root - INFO - Loaded data with shape: (4340, 8)
[ 2025-01-10 03:29:54,002 ] root - INFO - Loaded data from local file
[ 2025-01-10 03:29:54,002 ] root - INFO - Entered split_data_as_train_test method of DataIngestion class
[ 2025-01-10 03:29:54,113 ] root - INFO - Performed train-test split on the dataframe
[ 2025-01-10 03:29:54,113 ] root - INFO - Saving train and test datasets to files.
[ 2025-01-10 03:29:54,207 ] root - INFO - Train and test datasets saved successfully.
[ 2025-01-10 03:29:54,207 ] root - INFO - Performed train-test split on the dataset
[ 2025-01-10 03:29:54,207 ] root - INFO - Data ingestion artifact: DataIngestionArtifact(trained_file_path='artifact\\01_10_2025_03_29_50\\data_ingestion\\ingested\\train.csv', test_file_path='artifact\\01_10_2025_03_29_50\\data_ingestion\\ingested\\test.csv')
[ 2025-01-10 03:29:54,207 ] root - INFO - Got the train_set and test_set from MongoDB
[ 2025-01-10 03:29:54,207 ] root - INFO - Exited the start_data_ingestion method of TrainPipeline class
[ 2025-01-10 03:29:54,207 ] root - INFO - Entered the start_data_validation method of TrainPipeline class
[ 2025-01-10 03:29:54,207 ] root - INFO - Starting data validation
[ 2025-01-10 03:29:54,379 ] root - INFO - Is required column present: [True]
[ 2025-01-10 03:29:54,379 ] root - INFO - All required columns present in training dataframe: True
[ 2025-01-10 03:29:54,379 ] root - INFO - Is required column present: [True]
[ 2025-01-10 03:29:54,379 ] root - INFO - All required columns present in testing dataframe: True
[ 2025-01-10 03:29:55,882 ] root - INFO - 1/8 drift detected.
[ 2025-01-10 03:29:55,882 ] root - INFO - Data validation artifact: DataValidationArtifact(validation_status=True, message='Drift not detected', drift_report_file_path='artifact\\01_10_2025_03_29_50\\data_validation\\drift_report\\report.yaml')
[ 2025-01-10 03:29:55,882 ] root - INFO - Performed the data validation operation
[ 2025-01-10 03:29:55,882 ] root - INFO - Exited the start_data_validation method of TrainPipeline class
[ 2025-01-10 03:29:55,882 ] root - INFO - Entered the start_data_transformation method of TrainPipeline class
[ 2025-01-10 03:29:55,882 ] root - INFO - Starting data transformation
[ 2025-01-10 03:29:55,882 ] root - INFO - Entered get_data_transformer_object method of DataTransformation class
[ 2025-01-10 03:29:55,882 ] root - INFO - Initialized StandardScaler, OneHotEncoder, and OrdinalEncoder
[ 2025-01-10 03:29:55,882 ] root - INFO - Created preprocessor object from ColumnTransformer
[ 2025-01-10 03:29:55,882 ] root - INFO - Reading data from local file: artifact\01_10_2025_03_29_50\data_ingestion\ingested\train.csv
[ 2025-01-10 03:29:55,898 ] root - INFO - Reading data from local file: artifact\01_10_2025_03_29_50\data_ingestion\ingested\test.csv
[ 2025-01-10 03:29:55,913 ] root - INFO - Added 'brand' column and dropped 'name' column from Training dataset
[ 2025-01-10 03:29:55,913 ] root - INFO - Added 'brand' column and dropped 'name' column from Test dataset
[ 2025-01-10 03:29:55,929 ] root - INFO - Dropped specified columns from Training and Test datasets
[ 2025-01-10 03:29:55,929 ] root - INFO - Transforming target column using TargetValueMapping
[ 2025-01-10 03:29:55,929 ] root - INFO - Successfully transformed target column in training and testing datasets
[ 2025-01-10 03:29:55,929 ] root - INFO - Applying preprocessing object on training dataframe and testing dataframe
[ 2025-01-10 03:29:55,991 ] root - INFO - Entered the save_object method of utils
[ 2025-01-10 03:29:55,991 ] root - INFO - Exited the save_object method of utils
[ 2025-01-10 03:29:56,007 ] root - INFO - Saved the preprocessor object and transformed datasets
[ 2025-01-10 03:29:56,007 ] root - INFO - Performed the data transformation operation
[ 2025-01-10 03:29:56,007 ] root - INFO - Exited the start_data_transformation method of TrainPipeline class
[ 2025-01-10 03:29:56,007 ] root - INFO - Pipeline executed successfully
